C:\Users\1\Downloads\New folder\tp-net-watcher\winsv_wtpsvn\src\main\java\com\tpservers\App.java
C:\Users\1\Downloads\New folder\tp-net-watcher\winsv_wtpsvn\src\main\java\com\tpservers\Caches\RedisServiceManager.java
C:\Users\1\Downloads\New folder\tp-net-watcher\winsv_wtpsvn\src\main\java\com\tpservers\Core\EventHandler.java
C:\Users\1\Downloads\New folder\tp-net-watcher\winsv_wtpsvn\src\main\java\com\tpservers\Jobs\NamedThreadFactory.java
C:\Users\1\Downloads\New folder\tp-net-watcher\winsv_wtpsvn\src\main\java\com\tpservers\Models\WakeOnLanHostMap.java
C:\Users\1\Downloads\New folder\tp-net-watcher\winsv_wtpsvn\src\main\java\com\tpservers\Repositories\MetaRespository.java
C:\Users\1\Downloads\New folder\tp-net-watcher\winsv_wtpsvn\src\main\java\com\tpservers\Routes\RouteAnnotation\RouteCommandAnnotation.java
C:\Users\1\Downloads\New folder\tp-net-watcher\winsv_wtpsvn\src\main\java\com\tpservers\Routes\RouteAnnotation\RouteCommandTitleAnnotation.java
C:\Users\1\Downloads\New folder\tp-net-watcher\winsv_wtpsvn\src\main\java\com\tpservers\Routes\RouteBootstrap.java
C:\Users\1\Downloads\New folder\tp-net-watcher\winsv_wtpsvn\src\main\java\com\tpservers\Routes\RouteContexts\RouteEntry.java
C:\Users\1\Downloads\New folder\tp-net-watcher\winsv_wtpsvn\src\main\java\com\tpservers\Routes\RouteDispatcher\CommandDispatcher.java
C:\Users\1\Downloads\New folder\tp-net-watcher\winsv_wtpsvn\src\main\java\com\tpservers\Routes\RouteDispatcher\RouteDispatcher.java
C:\Users\1\Downloads\New folder\tp-net-watcher\winsv_wtpsvn\src\main\java\com\tpservers\Routes\RouteMiddleware\RequestMiddleware.java
C:\Users\1\Downloads\New folder\tp-net-watcher\winsv_wtpsvn\src\main\java\com\tpservers\Routes\RouteMiddleware\RequestReader.java
C:\Users\1\Downloads\New folder\tp-net-watcher\winsv_wtpsvn\src\main\java\com\tpservers\Routes\RouteModule\HealthModule.java
C:\Users\1\Downloads\New folder\tp-net-watcher\winsv_wtpsvn\src\main\java\com\tpservers\Routes\RouteModule\LaunchModule.java
C:\Users\1\Downloads\New folder\tp-net-watcher\winsv_wtpsvn\src\main\java\com\tpservers\Routes\RouteModule\PowerModule.java
C:\Users\1\Downloads\New folder\tp-net-watcher\winsv_wtpsvn\src\main\java\com\tpservers\Routes\RouteModule\ProfileModule.java
C:\Users\1\Downloads\New folder\tp-net-watcher\winsv_wtpsvn\src\main\java\com\tpservers\Routes\RouteModule\RouteModule.java
C:\Users\1\Downloads\New folder\tp-net-watcher\winsv_wtpsvn\src\main\java\com\tpservers\Routes\RouteModule\SensorModule.java
C:\Users\1\Downloads\New folder\tp-net-watcher\winsv_wtpsvn\src\main\java\com\tpservers\Routes\RouteRegistry\RouteRegistry.java
C:\Users\1\Downloads\New folder\tp-net-watcher\winsv_wtpsvn\src\main\java\com\tpservers\Services\Facade\ConfigService.java
C:\Users\1\Downloads\New folder\tp-net-watcher\winsv_wtpsvn\src\main\java\com\tpservers\Services\Facade\ConsoleService.java
C:\Users\1\Downloads\New folder\tp-net-watcher\winsv_wtpsvn\src\main\java\com\tpservers\Services\Facade\EventService.java
C:\Users\1\Downloads\New folder\tp-net-watcher\winsv_wtpsvn\src\main\java\com\tpservers\Services\Facade\HardwareService.java
C:\Users\1\Downloads\New folder\tp-net-watcher\winsv_wtpsvn\src\main\java\com\tpservers\Services\Facade\MqttService.java
C:\Users\1\Downloads\New folder\tp-net-watcher\winsv_wtpsvn\src\main\java\com\tpservers\Services\Facade\PoolService.java
C:\Users\1\Downloads\New folder\tp-net-watcher\winsv_wtpsvn\src\main\java\com\tpservers\Services\Facade\PortService.java
C:\Users\1\Downloads\New folder\tp-net-watcher\winsv_wtpsvn\src\main\java\com\tpservers\Services\Facade\RedisService.java
C:\Users\1\Downloads\New folder\tp-net-watcher\winsv_wtpsvn\src\main\java\com\tpservers\Services\Facade\ResponseService.java
C:\Users\1\Downloads\New folder\tp-net-watcher\winsv_wtpsvn\src\main\java\com\tpservers\Services\Facade\WakeOnLanService.java
C:\Users\1\Downloads\New folder\tp-net-watcher\winsv_wtpsvn\src\main\java\com\tpservers\Services\Service.java
